[10-Feb-2026 17:20:01 Europe/Berlin] PHP Deprecated:  htmlspecialchars(): Passing null to parameter #1 ($string) of type string is deprecated in /opt/lampp/htdocs/hadrahin/dashboard/anggota.php on line 2033
[10-Feb-2026 17:20:01 Europe/Berlin] PHP Deprecated:  htmlspecialchars(): Passing null to parameter #1 ($string) of type string is deprecated in /opt/lampp/htdocs/hadrahin/dashboard/anggota.php on line 2033
[10-Feb-2026 17:20:01 Europe/Berlin] PHP Fatal error:  Uncaught Error: Call to undefined function getContrastColor() in /opt/lampp/htdocs/hadrahin/dashboard/anggota.php:2102
Stack trace:
#0 {main}
  thrown in /opt/lampp/htdocs/hadrahin/dashboard/anggota.php on line 2102
[10-Feb-2026 17:22:43 Europe/Berlin] PHP Deprecated:  htmlspecialchars(): Passing null to parameter #1 ($string) of type string is deprecated in /opt/lampp/htdocs/hadrahin/dashboard/anggota.php on line 2048
[10-Feb-2026 17:22:43 Europe/Berlin] PHP Deprecated:  htmlspecialchars(): Passing null to parameter #1 ($string) of type string is deprecated in /opt/lampp/htdocs/hadrahin/dashboard/anggota.php on line 2048
[10-Feb-2026 17:29:30 Europe/Berlin] PHP Deprecated:  htmlspecialchars(): Passing null to parameter #1 ($string) of type string is deprecated in /opt/lampp/htdocs/hadrahin/dashboard/anggota.php on line 2048
[10-Feb-2026 17:29:30 Europe/Berlin] PHP Deprecated:  htmlspecialchars(): Passing null to parameter #1 ($string) of type string is deprecated in /opt/lampp/htdocs/hadrahin/dashboard/anggota.php on line 2048
[10-Feb-2026 17:31:56 Europe/Berlin] PHP Deprecated:  htmlspecialchars(): Passing null to parameter #1 ($string) of type string is deprecated in /opt/lampp/htdocs/hadrahin/dashboard/anggota.php on line 2048
[10-Feb-2026 17:31:56 Europe/Berlin] PHP Deprecated:  htmlspecialchars(): Passing null to parameter #1 ($string) of type string is deprecated in /opt/lampp/htdocs/hadrahin/dashboard/anggota.php on line 2048
[10-Feb-2026 17:39:00 Europe/Berlin] PHP Deprecated:  htmlspecialchars(): Passing null to parameter #1 ($string) of type string is deprecated in /opt/lampp/htdocs/hadrahin/dashboard/anggota.php on line 2048
[10-Feb-2026 17:39:00 Europe/Berlin] PHP Deprecated:  htmlspecialchars(): Passing null to parameter #1 ($string) of type string is deprecated in /opt/lampp/htdocs/hadrahin/dashboard/anggota.php on line 2048
[10-Feb-2026 17:44:37 Europe/Berlin] PHP Deprecated:  htmlspecialchars(): Passing null to parameter #1 ($string) of type string is deprecated in /opt/lampp/htdocs/hadrahin/dashboard/anggota.php on line 1943
[10-Feb-2026 17:44:37 Europe/Berlin] PHP Deprecated:  htmlspecialchars(): Passing null to parameter #1 ($string) of type string is deprecated in /opt/lampp/htdocs/hadrahin/dashboard/anggota.php on line 1943
[10-Feb-2026 17:47:28 Europe/Berlin] PHP Deprecated:  htmlspecialchars(): Passing null to parameter #1 ($string) of type string is deprecated in /opt/lampp/htdocs/hadrahin/dashboard/anggota.php on line 1943
[10-Feb-2026 17:47:28 Europe/Berlin] PHP Deprecated:  htmlspecialchars(): Passing null to parameter #1 ($string) of type string is deprecated in /opt/lampp/htdocs/hadrahin/dashboard/anggota.php on line 1943
[10-Feb-2026 17:47:35 Europe/Berlin] PHP Deprecated:  htmlspecialchars(): Passing null to parameter #1 ($string) of type string is deprecated in /opt/lampp/htdocs/hadrahin/dashboard/anggota.php on line 1943
[10-Feb-2026 17:47:35 Europe/Berlin] PHP Deprecated:  htmlspecialchars(): Passing null to parameter #1 ($string) of type string is deprecated in /opt/lampp/htdocs/hadrahin/dashboard/anggota.php on line 1943
